// Jest Snapshot v1, https://goo.gl/fbAQLP

exports[`<BookInfo/ > renders correctly 1`] = `
<section
  className="c-book-info"
>
  <a
    className="c-book-info__link"
    href="/"
    onClick={[Function]}
  >
    <svg
      className="p-svg"
      viewBox="0 0 448 512"
    >
      <path
        d="M257.5 445.1l-22.2 22.2c-9.4 9.4-24.6 9.4-33.9 0L7 273c-9.4-9.4-9.4-24.6 0-33.9L201.4 44.7c9.4-9.4 24.6-9.4 33.9 0l22.2 22.2c9.5 9.5 9.3 25-.4 34.3L136.6 216H424c13.3 0 24 10.7 24 24v32c0 13.3-10.7 24-24 24H136.6l120.5 114.8c9.8 9.3 10 24.8.4 34.3z"
      />
    </svg>
     
    <span
      className="p-link"
    >
      Back
    </span>
  </a>
  <div
    className="c-book-info__container"
  >
    <div
      className="c-book-info__image"
    >
      <img
        alt="Statistical Physics cover"
        src="http://books.google.com/books/content?id=NaB7oAkon9MC&printsec=frontcover&img=1&zoom=1&edge=curl&source=gbs_api"
      />
    </div>
    <div
      className="c-book-info__info"
    >
      <h2
        className="c-book-info__title"
      >
        Statistical Physics
      </h2>
      <p>
        Lev Davidovich Landau, Evgeniĭ Mikhaĭlovich Lifshit︠s︡, Lev Petrovich Pitaevskiĭ
      </p>
      <p>
        Part 2 of Statistical physics begins with an extensive discussion of the theory of quantum liquids, which was dealt with briefly in the second edition of Statistical physics, by Lev Landau and E.M. Lifshitz; part 1 of Statistical physics is now the third edition of volume 5 of the Course of theoretical physics, by L.D. Landau and E.M. Lifshitz.
      </p>
      <a
        className="p-button"
        href="http://books.google.com/books?id=NaB7oAkon9MC&printsec=frontcover&dq=id:NaB7oAkon9MC%7D&hl=&cd=1&source=gbs_api"
      >
        Preview
      </a>
    </div>
  </div>
</section>
`;
